==========input==========
mk a + b
mg a + b
cd a
d
ls
==========stdout==========
==========stderr==========
==========graph-dump==========
