g> g> g> g> g> g> "hello" at 1
g> Goodbye!
<<<<<<<<<out========err>>>>>>>>
